Microchip MPLAB XC8 Compiler V2.40

Linker command line:

-W-3 \
  --edf=C:\Program Files\Microchip\xc8\v2.40\pic\dat\20220703182018_en.msgs \
  -cn -h+dist/default/production\GPIO_Driver.production.sym \
  --cmf=dist/default/production\GPIO_Driver.production.cmf -z -Q18F4620 \
  -oC:\Users\KAREEM~1\AppData\Local\Temp\xcAs22k.4 --defsym=__MPLAB_BUILD=1 \
  --fixupoverflow=error \
  -Mdist/default/production/GPIO_Driver.production.map \
  --md=C:\Users\KAREEM~1\AppData\Local\Temp\xcAs22k.dat -E1 \
  -ver=XC8 Compiler --acfsm=1493 -ACODE=00h-0FFFFh -ACONST=00h-0FFFFh \
  -ASMALLCONST=01000h-010FFhx240 -AMEDIUMCONST=01000h-0FFFFh \
  -ACOMRAM=01h-07Fh -AABS1=00h-0F7Fh -ABIGRAM=01h-0F7Fh \
  -ARAM=080h-0FFh,0100h-01FFhx14,0F00h-0F7Fh -ABANK0=080h-0FFh \
  -ABANK1=0100h-01FFh -ABANK2=0200h-02FFh -ABANK3=0300h-03FFh \
  -ABANK4=0400h-04FFh -ABANK5=0500h-05FFh -ABANK6=0600h-06FFh \
  -ABANK7=0700h-07FFh -ABANK8=0800h-08FFh -ABANK9=0900h-09FFh \
  -ABANK10=0A00h-0AFFh -ABANK11=0B00h-0BFFh -ABANK12=0C00h-0CFFh \
  -ABANK13=0D00h-0DFFh -ABANK14=0E00h-0EFFh -ABANK15=0F00h-0F7Fh \
  -ASFR=0F80h-0FFFh -ABIGSFR=0F80h-0FFFh -ACONFIG=0300000h-030000Dh \
  -AIDLOC=0200000h-0200007h -AEEDATA=0F00000h-0F003FFh -peeprom_data=EEDATA \
  -preset_vec=00h,intcode,intcodelo,powerup,init -pramtop=01000h \
  -psmallconst=SMALLCONST -pmediumconst=MEDIUMCONST -pconst=CONST \
  -AFARRAM=00h-00h \
  -prdata=COMRAM,nvrram=COMRAM,nvbit=COMRAM,rbss=COMRAM,rbit=COMRAM \
  -pfarbss=FARRAM,fardata=FARRAM,nvFARRAM=FARRAM \
  -pintsave_regs=BIGRAM,bigbss=BIGRAM,bigdata=BIGRAM -pbss=RAM \
  -pidata=CODE,irdata=CODE,ibigdata=CODE,ifardata=CODE -prparam=COMRAM \
  C:\Users\KAREEM~1\AppData\Local\Temp\xcAs22k.o \
  dist/default/production\GPIO_Driver.production.o 

Object code version is 3.11

Machine type is 18F4620



                Name                               Link     Load   Length Selector   Space Scale
C:\Users\KAREEM~1\AppData\Local\Temp\xcAs22k.o
                idloc                            200000   200000        8        0       5
                config                           300000   300000        E        0       4
                init                                  0        0        4        0       0
dist/default/production\GPIO_Driver.production.o
                idloc                            200000   200000        8        0       5
                config                           300000   300000        E        0       4
                text5                              FCA2     FCA2       46     7E51       0
                text4                              FBEE     FBEE       1A     7DF7       0
                text3                              FD98     FD98       C4     7ECC       0
                text2                              FCE8     FCE8       B0     7E74       0
                text1                              FC66     FC66       3C     7E33       0
                text0                              FE5C     FE5C      1A4     7F2E       0
                cstackCOMRAM                         37       37        E        1       1
                dataCOMRAM                            1        1       27        1       1
                bssCOMRAM                            28       28        F        1       1
                cinit                              FC30     FC30       36     7E18       0
                idataCOMRAM                        FC09     FC09       27     FC09       0

TOTAL           Name                               Link     Load   Length     Space
        CLASS   CODE           
                init                                  0        0        4         0
                text5                              FCA2     FCA2       46         0
                text4                              FBEE     FBEE       1A         0
                text3                              FD98     FD98       C4         0
                text2                              FCE8     FCE8       B0         0
                text1                              FC66     FC66       3C         0
                text0                              FE5C     FE5C      1A4         0
                cinit                              FC30     FC30       36         0
                idataCOMRAM                        FC09     FC09       27         0

        CLASS   CONST          

        CLASS   SMALLCONST     

        CLASS   MEDIUMCONST    

        CLASS   COMRAM         
                cstackCOMRAM                         37       37        E         1
                dataCOMRAM                            1        1       27         1
                bssCOMRAM                            28       28        F         1

        CLASS   ABS1           

        CLASS   BIGRAM         

        CLASS   RAM            

        CLASS   BANK0          

        CLASS   BANK1          

        CLASS   BANK2          

        CLASS   BANK3          

        CLASS   BANK4          

        CLASS   BANK5          

        CLASS   BANK6          

        CLASS   BANK7          

        CLASS   BANK8          

        CLASS   BANK9          

        CLASS   BANK10         

        CLASS   BANK11         

        CLASS   BANK12         

        CLASS   BANK13         

        CLASS   BANK14         

        CLASS   BANK15         

        CLASS   SFR            

        CLASS   BIGSFR         

        CLASS   CONFIG         
                config                           300000   300000        E         4

        CLASS   IDLOC          
                idloc                            200000   200000        8         5

        CLASS   EEDATA         

        CLASS   FARRAM         

        CLASS   HEAP           

        CLASS   STACK          



SEGMENTS        Name                           Load    Length   Top    Selector   Space  Class

                reset_vec                      000000  000004  000004         0       0  CODE    
                dataCOMRAM                     000001  000044  000045         1       1  COMRAM  
                text4                          00FBEE  00001A  00FC08      7DF7       0  CODE    
                idataCOMRAM                    00FC09  000027  00FC30      FC09       0  CODE    
                cinit                          00FC30  000036  00FC66      7E18       0  CODE    
                text1                          00FC66  00003C  00FCA2      7E33       0  CODE    
                text5                          00FCA2  000046  00FCE8      7E51       0  CODE    
                text2                          00FCE8  0000B0  00FD98      7E74       0  CODE    
                text3                          00FD98  0000C4  00FE5C      7ECC       0  CODE    
                text0                          00FE5C  0001A4  010000      7F2E       0  CODE    


UNUSED ADDRESS RANGES

        Name                Unused          Largest block    Delta
        BANK0            000080-0000FF               80
        BANK1            000100-0001FF              100
        BANK10           000A00-000AFF              100
        BANK11           000B00-000BFF              100
        BANK12           000C00-000CFF              100
        BANK13           000D00-000DFF              100
        BANK14           000E00-000EFF              100
        BANK15           000F00-000F7F               80
        BANK2            000200-0002FF              100
        BANK3            000300-0003FF              100
        BANK4            000400-0004FF              100
        BANK5            000500-0005FF              100
        BANK6            000600-0006FF              100
        BANK7            000700-0007FF              100
        BANK8            000800-0008FF              100
        BANK9            000900-0009FF              100
        BIGRAM           000045-000F7F              F3B
        BIGSFR           000F80-000FFF               80
        CODE             000004-00FBED             FBEA
                         00FC08-00FC08                1
        COMRAM           000045-00007F               3B
        CONST            000004-00FBED             FBEA
                         00FC08-00FC08                1
        EEDATA           F00000-F003FF              400
        MEDIUMCONST      001000-00FBED             EBEE
                         00FC08-00FC08                1
        RAM              000080-000F7F              100
        SFR              000F80-000FFF               80
        SMALLCONST       001000-00FBED              100
                         00FC08-00FC08                1

                                  Symbol Table

?___awdiv                               cstackCOMRAM 000037
?___awmod                               cstackCOMRAM 000037
Dc_motor_initialize@F2875               bssCOMRAM    000036
Dc_motor_initialize@F2877               bssCOMRAM    000035
Dc_motor_stop@F2898                     bssCOMRAM    000030
Dc_motor_stop@F2900                     bssCOMRAM    00002F
Dc_motor_turn_left@F2884                bssCOMRAM    000034
Dc_motor_turn_left@F2886                bssCOMRAM    000033
Dc_motor_turn_right@F2891               bssCOMRAM    000032
Dc_motor_turn_right@F2893               bssCOMRAM    000031
_Application_initialize                 text4        00FBEE
_LATA                                   (abs)        000F89
_LATB                                   (abs)        000F8A
_LATC                                   (abs)        000F8B
_LATD                                   (abs)        000F8C
_LATE                                   (abs)        000F8D
_PORTA                                  (abs)        000F80
_PORTB                                  (abs)        000F81
_PORTC                                  (abs)        000F82
_PORTD                                  (abs)        000F83
_PORTE                                  (abs)        000F84
_TRISA                                  (abs)        000F92
_TRISB                                  (abs)        000F93
_TRISC                                  (abs)        000F94
_TRISD                                  (abs)        000F95
_TRISE                                  (abs)        000F96
__HRAM                                  (abs)        000000
__Habs1                                 abs1         000000
__Hbank0                                bank0        000000
__Hbank1                                bank1        000000
__Hbank10                               bank10       000000
__Hbank11                               bank11       000000
__Hbank12                               bank12       000000
__Hbank13                               bank13       000000
__Hbank14                               bank14       000000
__Hbank15                               bank15       000000
__Hbank2                                bank2        000000
__Hbank3                                bank3        000000
__Hbank4                                bank4        000000
__Hbank5                                bank5        000000
__Hbank6                                bank6        000000
__Hbank7                                bank7        000000
__Hbank8                                bank8        000000
__Hbank9                                bank9        000000
__Hbigbss                               bigbss       000000
__Hbigdata                              bigdata      000000
__Hbigram                               bigram       000000
__Hbigsfr                               bigsfr       000000
__Hbss                                  bss          000000
__HbssCOMRAM                            bssCOMRAM    000000
__Hcinit                                cinit        000000
__Hclrtext                              clrtext      000000
__Hcomram                               comram       000000
__Hconfig                               config       30000E
__Hconst                                const        000000
__HcstackCOMRAM                         cstackCOMRAM 000000
__Hdata                                 data         000000
__HdataCOMRAM                           dataCOMRAM   000000
__Heeprom_data                          eeprom_data  000000
__Hfarbss                               farbss       000000
__Hfardata                              fardata      000000
__Hheap                                 heap         000000
__Hibigdata                             ibigdata     000000
__Hidata                                idata        000000
__HidataCOMRAM                          idataCOMRAM  000000
__Hidloc                                idloc        200008
__Hifardata                             ifardata     000000
__Hinit                                 init         000004
__Hintcode                              intcode      000000
__Hintcode_body                         intcode_body 000000
__Hintcodelo                            intcodelo    000000
__Hintentry                             intentry     000000
__Hintret                               intret       000000
__Hintsave_regs                         intsave_regs 000000
__Hirdata                               irdata       000000
__Hmediumconst                          mediumconst  000000
__HnvFARRAM                             nvFARRAM     000000
__Hnvbit                                nvbit        000000
__Hnvrram                               nvrram       000000
__Hparam                                rparam       000000
__Hpowerup                              powerup      000000
__Hram                                  ram          000000
__Hramtop                               ramtop       001000
__Hrbit                                 rbit         000000
__Hrbss                                 rbss         000000
__Hrdata                                rdata        000000
__Hreset_vec                            reset_vec    000000
__Hrparam                               rparam       000000
__Hsfr                                  sfr          000000
__Hsmallconst                           smallconst   000000
__Hspace_0                              (abs)        010000
__Hspace_1                              (abs)        000045
__Hspace_2                              (abs)        000000
__Hspace_4                              (abs)        60000E
__Hstack                                stack        000000
__Hstruct                               struct       000000
__Htemp                                 temp         000000
__Htext                                 text         000000
__Htext0                                text0        000000
__Htext1                                text1        000000
__Htext2                                text2        000000
__Htext3                                text3        000000
__Htext4                                text4        000000
__Htext5                                text5        000000
__LRAM                                  (abs)        000001
__Labs1                                 abs1         000000
__Lbank0                                bank0        000000
__Lbank1                                bank1        000000
__Lbank10                               bank10       000000
__Lbank11                               bank11       000000
__Lbank12                               bank12       000000
__Lbank13                               bank13       000000
__Lbank14                               bank14       000000
__Lbank15                               bank15       000000
__Lbank2                                bank2        000000
__Lbank3                                bank3        000000
__Lbank4                                bank4        000000
__Lbank5                                bank5        000000
__Lbank6                                bank6        000000
__Lbank7                                bank7        000000
__Lbank8                                bank8        000000
__Lbank9                                bank9        000000
__Lbigbss                               bigbss       000000
__Lbigdata                              bigdata      000000
__Lbigram                               bigram       000000
__Lbigsfr                               bigsfr       000000
__Lbss                                  bss          000000
__LbssCOMRAM                            bssCOMRAM    000000
__Lcinit                                cinit        000000
__Lclrtext                              clrtext      000000
__Lcomram                               comram       000000
__Lconfig                               config       000000
__Lconst                                const        000000
__LcstackCOMRAM                         cstackCOMRAM 000000
__Ldata                                 data         000000
__LdataCOMRAM                           dataCOMRAM   000000
__Leeprom_data                          eeprom_data  000000
__Lfarbss                               farbss       000000
__Lfardata                              fardata      000000
__Lheap                                 heap         000000
__Libigdata                             ibigdata     000000
__Lidata                                idata        000000
__LidataCOMRAM                          idataCOMRAM  000000
__Lidloc                                idloc        000000
__Lifardata                             ifardata     000000
__Linit                                 init         000000
__Lintcode                              intcode      000000
__Lintcode_body                         intcode_body 000000
__Lintcodelo                            intcodelo    000000
__Lintentry                             intentry     000000
__Lintret                               intret       000000
__Lintsave_regs                         intsave_regs 000000
__Lirdata                               irdata       000000
__Lmediumconst                          mediumconst  000000
__LnvFARRAM                             nvFARRAM     000000
__Lnvbit                                nvbit        000000
__Lnvrram                               nvrram       000000
__Lparam                                rparam       000000
__Lpowerup                              powerup      000000
__Lram                                  ram          000000
__Lramtop                               ramtop       001000
__Lrbit                                 rbit         000000
__Lrbss                                 rbss         000000
__Lrdata                                rdata        000000
__Lreset_vec                            reset_vec    000000
__Lrparam                               rparam       000000
__Lsfr                                  sfr          000000
__Lsmallconst                           smallconst   000000
__Lspace_0                              (abs)        000000
__Lspace_1                              (abs)        000000
__Lspace_2                              (abs)        000000
__Lspace_4                              (abs)        000000
__Lstack                                stack        000000
__Lstruct                               struct       000000
__Ltemp                                 temp         000000
__Ltext                                 text         000000
__Ltext0                                text0        000000
__Ltext1                                text1        000000
__Ltext2                                text2        000000
__Ltext3                                text3        000000
__Ltext4                                text4        000000
__Ltext5                                text5        000000
__S0                                    (abs)        010000
__S1                                    (abs)        000045
__S4                                    (abs)        000000
__S5                                    (abs)        000000
___awdiv                                text3        00FD98
___awdiv@counter                        cstackCOMRAM 00003B
___awdiv@dividend                       cstackCOMRAM 000037
___awdiv@divisor                        cstackCOMRAM 000039
___awdiv@quotient                       cstackCOMRAM 00003D
___awdiv@sign                           cstackCOMRAM 00003C
___awmod                                text2        00FCE8
___awmod@counter                        cstackCOMRAM 00003B
___awmod@dividend                       cstackCOMRAM 000037
___awmod@divisor                        cstackCOMRAM 000039
___awmod@sign                           cstackCOMRAM 00003C
___heap_hi                              (abs)        000000
___heap_lo                              (abs)        000000
___inthi_sp                             stack        000000
___intlo_sp                             stack        000000
___param_bank                           (abs)        000000
___rparam_used                          (abs)        000001
___sp                                   stack        000000
__accesstop                             (abs)        000080
__activetblptr                          (abs)        000002
__end_of_Application_initialize         text4        00FC08
__end_of___awdiv                        text3        00FE5C
__end_of___awmod                        text2        00FD98
__end_of__initialization                cinit        00FC5C
__end_of_gpio_port_direction_init       text5        00FCE8
__end_of_gpio_port_write_logic          text1        00FCA2
__end_of_main                           text0        010000
__initialization                        cinit        00FC30
__mediumconst                           mediumconst  000000
__pbssCOMRAM                            bssCOMRAM    000028
__pcinit                                cinit        00FC30
__pcstackCOMRAM                         cstackCOMRAM 000037
__pdataCOMRAM                           dataCOMRAM   000001
__pidataCOMRAM                          idataCOMRAM  00FC09
__ptext0                                text0        00FE5C
__ptext1                                text1        00FC66
__ptext2                                text2        00FCE8
__ptext3                                text3        00FD98
__ptext4                                text4        00FBEE
__ptext5                                text5        00FCA2
__ramtop                                ramtop       001000
__smallconst                            smallconst   000000
_gpio_port_direction_init               text5        00FCA2
_gpio_port_write_logic                  text1        00FC66
_hour                                   dataCOMRAM   000024
_lat_register                           dataCOMRAM   00000B
_main                                   text0        00FE5C
_min                                    dataCOMRAM   000025
_port_register                          dataCOMRAM   000001
_ret                                    dataCOMRAM   000027
_sec                                    dataCOMRAM   000026
_segment_t1                             dataCOMRAM   00001F
_tris_register                          dataCOMRAM   000015
end_of_initialization                   cinit        00FC5C
gpio_port_direction_init@direction_init cstackCOMRAM 000037
gpio_port_direction_init@port           cstackCOMRAM 00003B
gpio_port_direction_init@ret            cstackCOMRAM 00003A
gpio_port_write_logic@logic             cstackCOMRAM 00003F
gpio_port_write_logic@port              cstackCOMRAM 000042
intlevel0                               text         000000
intlevel1                               text         000000
intlevel2                               text         000000
intlevel3                               text         000000
isa$std                                 (abs)        000001
isa$xinst                               (abs)        000000
led_initialize@F2876                    bssCOMRAM    00002E
led_toggle_logic@F2891                  bssCOMRAM    00002B
led_turn_off@F2886                      bssCOMRAM    00002C
led_turn_on@F2881                       bssCOMRAM    00002D
main@counter                            cstackCOMRAM 000044
relay_initialize@F2870                  bssCOMRAM    00002A
relay_turn_off@F2880                    bssCOMRAM    000028
relay_turn_on@F2875                     bssCOMRAM    000029
stackhi                                 (abs)        000000
stacklo                                 (abs)        000000
start                                   init         000000
start_initialization                    cinit        00FC30


MODULE INFORMATION

Module		Function		Class		Link	Load	Size
C:\Program Files\Microchip\xc8\v2.40\pic\sources\c99\common\awdiv.c
		___awdiv       		CODE           	FD98	0000	196

C:\Program Files\Microchip\xc8\v2.40\pic\sources\c99\common\awdiv.c estimated size: 196

Application.c
		_main          		CODE           	FE5C	0000	420
		_Application_initialize		CODE           	FBEE	0000	26

Application.c estimated size: 446

shared
		__initialization		CODE           	FC30	0000	44

shared estimated size: 44

C:\Program Files\Microchip\xc8\v2.40\pic\sources\c99\common\awmod.c
		___awmod       		CODE           	FCE8	0000	176

C:\Program Files\Microchip\xc8\v2.40\pic\sources\c99\common\awmod.c estimated size: 176

MCAL_Layer/hal_gpio.c
		_gpio_port_direction_init		CODE           	FCA2	0000	70
		_gpio_port_write_logic		CODE           	FC66	0000	60

MCAL_Layer/hal_gpio.c estimated size: 130

